// Jest Snapshot v1, https://goo.gl/fbAQLP

exports[`Library interface test 1`] = `
Object {
  "actions": Object {
    "auth": Object {
      "loadProfile": [Function],
      "setTcTokenV2": [Function],
      "setTcTokenV3": [Function],
    },
    "challenge": Object {
      "dropCheckpoints": [Function],
      "dropResults": [Function],
      "fetchCheckpointsDone": [Function],
      "fetchCheckpointsInit": [Function],
      "getActiveChallengesCountDone": [Function],
      "getActiveChallengesCountInit": [Function],
      "getDetailsDone": [Function],
      "getDetailsInit": [Function],
      "getMmSubmissionsDone": [Function],
      "getMmSubmissionsInit": [Function],
      "getSubmissionInformationDone": [Function],
      "getSubmissionInformationInit": [Function],
      "getSubmissionsDone": [Function],
      "getSubmissionsInit": [Function],
      "loadResultsDone": [Function],
      "loadResultsInit": [Function],
      "registerDone": [Function],
      "registerInit": [Function],
      "toggleCheckpointFeedback": [Function],
      "unregisterDone": [Function],
      "unregisterInit": [Function],
      "updateChallengeDone": [Function],
      "updateChallengeInit": [Function],
    },
    "direct": Object {
      "dropAll": [Function],
      "getProjectDetailsDone": [Function],
      "getProjectDetailsInit": [Function],
      "getProjectPermissionsDone": [Function],
      "getProjectPermissionsInit": [Function],
      "getUserProjectsDone": [Function],
      "getUserProjectsInit": [Function],
    },
    "errors": Object {
      "clearAllErrorIcons": [Function],
      "clearError": [Function],
      "clearErrorIcon": [Function],
      "newError": [Function],
      "setErrorIcon": [Function],
    },
    "groups": Object {
      "dropGroups": [Function],
      "getGroupsDone": [Function],
      "getGroupsInit": [Function],
    },
    "looker": Object {
      "getLookerDone": [Function],
    },
    "lookup": Object {
      "getAllCountriesDone": [Function],
      "getAllCountriesInit": [Function],
      "getCountriesDone": [Function],
      "getCountriesInit": [Function],
      "getManufacturersDone": [Function],
      "getManufacturersInit": [Function],
      "getModelsDone": [Function],
      "getModelsInit": [Function],
      "getOsesDone": [Function],
      "getOsesInit": [Function],
      "getReviewTypesDone": [Function],
      "getReviewTypesInit": [Function],
      "getSkillTagsDone": [Function],
      "getSkillTagsInit": [Function],
      "getTypesDone": [Function],
      "getTypesInit": [Function],
    },
    "memberSearch": Object {
      "checkIfSearchTermIsATag": [Function],
      "clearMemberSearch": [Function],
      "loadMoreUsernames": [Function],
      "memberSearchSuccess": [Function],
      "resetSearchTerm": [Function],
      "setSearchTag": [Function],
      "setSearchTerm": [Function],
      "topMemberSearchSuccess": [Function],
      "usernameSearchSuccess": [Function],
    },
    "memberTasks": Object {
      "dropAll": [Function],
      "getDone": [Function],
      "getInit": [Function],
    },
    "members": Object {
      "drop": [Function],
      "dropAll": [Function],
      "getAchievementsDone": [Function],
      "getAchievementsInit": [Function],
      "getAchievementsV3Done": [Function],
      "getActiveChallengesDone": [Function],
      "getActiveChallengesInit": [Function],
      "getFinancesDone": [Function],
      "getFinancesInit": [Function],
      "getStatsDistributionDone": [Function],
      "getStatsDistributionInit": [Function],
      "getStatsDone": [Function],
      "getStatsHistoryDone": [Function],
      "getStatsHistoryInit": [Function],
      "getStatsInit": [Function],
      "getSubtrackChallengesDone": [Function],
      "getSubtrackChallengesInit": [Function],
      "getUserMarathonDone": [Function],
      "getUserMarathonInit": [Function],
      "getUserResourcesDone": [Function],
      "getUserResourcesInit": [Function],
      "getUserSrmDone": [Function],
      "getUserSrmInit": [Function],
    },
    "notifications": Object {
      "dismissChallengeNotificationsDone": [Function],
      "dismissChallengeNotificationsInit": [Function],
      "getNotificationsDone": [Function],
      "getNotificationsInit": [Function],
      "markAllNotificationAsReadDone": [Function],
      "markAllNotificationAsReadInit": [Function],
      "markAllNotificationAsSeenDone": [Function],
      "markAllNotificationAsSeenInit": [Function],
      "markNotificationAsReadDone": [Function],
      "markNotificationAsReadInit": [Function],
    },
    "profile": Object {
      "addSkillDone": [Function],
      "addSkillInit": [Function],
      "addWebLinkDone": [Function],
      "addWebLinkInit": [Function],
      "clearProfile": [Function],
      "deletePhotoDone": [Function],
      "deletePhotoInit": [Function],
      "deleteWebLinkDone": [Function],
      "deleteWebLinkInit": [Function],
      "getAchievementsDone": [Function],
      "getAchievementsInit": [Function],
      "getAchievementsV3Done": [Function],
      "getCredentialDone": [Function],
      "getCredentialInit": [Function],
      "getEmailPreferencesDone": [Function],
      "getEmailPreferencesInit": [Function],
      "getExternalAccountsDone": [Function],
      "getExternalAccountsInit": [Function],
      "getExternalLinksDone": [Function],
      "getExternalLinksInit": [Function],
      "getInfoDone": [Function],
      "getInfoInit": [Function],
      "getLinkedAccountsDone": [Function],
      "getLinkedAccountsInit": [Function],
      "getSkillsDone": [Function],
      "getSkillsInit": [Function],
      "getStatsDone": [Function],
      "getStatsInit": [Function],
      "hideSkillDone": [Function],
      "hideSkillInit": [Function],
      "linkExternalAccountDone": [Function],
      "linkExternalAccountInit": [Function],
      "loadProfile": [Function],
      "saveEmailPreferencesDone": [Function],
      "saveEmailPreferencesInit": [Function],
      "unlinkExternalAccountDone": [Function],
      "unlinkExternalAccountInit": [Function],
      "updateEmailConflict": [Function],
      "updatePasswordDone": [Function],
      "updatePasswordInit": [Function],
      "updateProfileDone": [Function],
      "updateProfileInit": [Function],
      "uploadPhotoDone": [Function],
      "uploadPhotoInit": [Function],
      "verifyMemberNewEmailDone": [Function],
      "verifyMemberNewEmailInit": [Function],
    },
    "reviewOpportunity": Object {
      "cancelApplicationsDone": [Function],
      "cancelApplicationsInit": [Function],
      "getDetailsDone": [Function],
      "getDetailsInit": [Function],
      "submitApplicationsDone": [Function],
      "submitApplicationsInit": [Function],
    },
    "settings": Object {
      "addUserTrait": [Function],
      "deleteUserTrait": [Function],
      "getAllUserTraits": [Function],
      "modifyUserTraitInit": [Function],
      "updateUserTrait": [Function],
    },
    "smp": Object {
      "deleteSubmissionDone": [Function],
      "deleteSubmissionInit": [Function],
      "downloadSubmission": [Function],
    },
    "stats": Object {
      "getCommunityStatsDone": [Function],
      "getCommunityStatsInit": [Function],
    },
    "terms": Object {
      "agreeTermDone": [Function],
      "agreeTermInit": [Function],
      "checkStatusDone": [Function],
      "checkStatusInit": [Function],
      "getDocuSignUrlDone": [Function],
      "getDocuSignUrlInit": [Function],
      "getTermDetailsDone": [Function],
      "getTermDetailsInit": [Function],
      "getTermsDone": [Function],
      "getTermsInit": [Function],
    },
  },
  "challenge": Object {
    "filter": Object {
      "addTrack": [Function],
      "combine": [Function],
      "default": undefined,
      "getFilterFunction": [Function],
      "getReviewOpportunitiesFilterFunction": [Function],
      "mapToBackend": [Function],
      "removeTrack": [Function],
      "setEndDate": [Function],
      "setReviewOpportunityType": [Function],
      "setStartDate": [Function],
      "setTags": [Function],
      "setText": [Function],
      "setTypes": [Function],
    },
  },
  "errors": Object {
    "ERROR_ICON_TYPES": Object {
      "API": "api",
      "NETWORK": "network",
    },
    "clearAllErrorIcons": [Function],
    "clearErrorIcon": [Function],
    "fireErrorMessage": [Function],
    "setErrorIcon": [Function],
    "setErrorsStore": [Function],
  },
  "logger": Object {
    "_getSourceMaps": [Function],
    "assert": [Function],
    "clear": [Function],
    "count": [Function],
    "countReset": [Function],
    "debug": [Function],
    "dir": [Function],
    "error": [Function],
    "group": [Function],
    "groupCollapsed": [Function],
    "groupEnd": [Function],
    "info": [Function],
    "log": [Function],
    "time": [Function],
    "timeEnd": [Function],
    "trace": [Function],
    "warn": [Function],
  },
  "mock": Object {
    "default": undefined,
    "mockAction": [Function],
  },
  "reducerFactory": [Function],
  "reducers": Object {
    "auth": [Function],
    "challenge": [Function],
    "direct": [Function],
    "errors": [Function],
    "groups": [Function],
    "looker": [Function],
    "lookup": [Function],
    "memberSearch": [Function],
    "memberTasks": [Function],
    "members": [Function],
    "mySubmissionsManagement": [Function],
    "notifications": [Function],
    "profile": [Function],
    "reviewOpportunity": [Function],
    "settings": [Function],
    "stats": [Function],
    "terms": [Function],
  },
  "services": Object {
    "api": Object {
      "default": [Function],
      "getApi": [Function],
      "getApiV2": [Function],
      "getApiV3": [Function],
      "getApiV4": [Function],
      "getApiV5": [Function],
      "getTcM2mToken": [Function],
    },
    "billing": Object {
      "default": [Function],
      "getService": [Function],
    },
    "challenge": Object {
      "ORDER_BY": Object {
        "SUBMISSION_END_DATE": "submissionEndDate",
      },
      "default": undefined,
      "getService": [Function],
      "normalizeChallenge": [Function],
    },
    "communities": Object {
      "default": undefined,
      "getService": [Function],
    },
    "direct": Object {
      "default": undefined,
      "getService": [Function],
    },
    "groups": Object {
      "addDescendantGroups": [Function],
      "checkGroupsStatus": [Function],
      "checkUserGroups": [Function],
      "default": undefined,
      "getService": [Function],
      "reduceGroupIds": [Function],
    },
    "lookup": Object {
      "default": undefined,
      "getService": [Function],
    },
    "memberSearch": Object {
      "default": undefined,
      "getService": [Function],
    },
    "members": Object {
      "default": undefined,
      "getService": [Function],
    },
    "notifications": Object {
      "default": undefined,
      "getService": [Function],
    },
    "reviewOpportunities": Object {
      "default": undefined,
      "getReviewOpportunitiesService": [Function],
      "normalizeChallenges": [Function],
    },
    "submissions": Object {
      "default": undefined,
      "getService": [Function],
    },
    "terms": Object {
      "default": undefined,
      "getService": [Function],
    },
    "user": Object {
      "default": [Function],
      "getService": [Function],
    },
    "userSetting": Object {
      "default": [Function],
      "getUserSettingsService": [Function],
    },
    "userTraits": Object {
      "default": undefined,
      "getService": [Function],
    },
  },
  "submission": Object {
    "default": undefined,
    "getFinalScore": [Function],
    "getProvisionalScore": [Function],
    "processMMSubmissions": [Function],
  },
  "tc": Object {
    "COMPETITION_TRACKS": Object {
      "DATA_SCIENCE": "Data Science",
      "DESIGN": "Design",
      "DEVELOP": "Development",
      "QA": "Quality Assurance",
    },
    "OLD_COMPETITION_TRACKS": Object {
      "DATA_SCIENCE": "DATA_SCIENCE",
      "DESIGN": "DESIGN",
      "DEVELOP": "DEVELOP",
      "QA": "QA",
    },
    "OLD_SUBTRACKS": Object {
      "BUG_HUNT": "BUG_HUNT",
      "TESTING_COMPETITION": "TESTING_COMPETITION",
      "TEST_SCENARIOS": "TEST_SCENARIOS",
      "TEST_SUITES": "TEST_SUITES",
    },
    "REVIEW_OPPORTUNITY_TYPES": Object {
      "Contest Review": "Review",
      "Iterative Review": "Iterative Review",
      "Spec Review": "Specification Review",
    },
    "getApiResponsePayload": [Function],
    "getLookerApiResponsePayload": [Function],
  },
  "time": Object {
    "default": undefined,
    "delay": [Function],
    "formatDuration": [Function],
  },
}
`;
