// Jest Snapshot v1, https://goo.gl/fbAQLP

exports[`Library interface test 1`] = `
Object {
  "actions": Object {
    "auth": Object {
      "loadProfile": [Function],
      "setTcTokenV2": [Function],
      "setTcTokenV3": [Function],
    },
    "challenge": Object {
      "dropCheckpoints": [Function],
      "dropResults": [Function],
      "fetchCheckpointsDone": [Function],
      "fetchCheckpointsInit": [Function],
      "getActiveChallengesCountDone": [Function],
      "getActiveChallengesCountInit": [Function],
      "getDetailsDone": [Function],
      "getDetailsInit": [Function],
      "getSubmissionsDone": [Function],
      "getSubmissionsInit": [Function],
      "loadResultsDone": [Function],
      "loadResultsInit": [Function],
      "registerDone": [Function],
      "registerInit": [Function],
      "toggleCheckpointFeedback": [Function],
      "unregisterDone": [Function],
      "unregisterInit": [Function],
      "updateChallengeDone": [Function],
      "updateChallengeInit": [Function],
    },
    "challengeListing": Object {
      "dropChallenges": [Function],
      "expandTag": [Function],
      "getActiveChallengesDone": [Function],
      "getActiveChallengesInit": [Function],
      "getAllActiveChallengesDone": [Function],
      "getAllActiveChallengesInit": [Function],
      "getChallengeSubtracksDone": [Function],
      "getChallengeSubtracksInit": [Function],
      "getChallengeTagsDone": [Function],
      "getChallengeTagsInit": [Function],
      "getMoreChallenges": [Function],
      "getPastChallengesDone": [Function],
      "getPastChallengesInit": [Function],
      "getRestActiveChallengesDone": [Function],
      "getRestActiveChallengesInit": [Function],
      "getReviewOpportunitiesDone": [Function],
      "getReviewOpportunitiesInit": [Function],
      "getSrmsDone": [Function],
      "getSrmsInit": [Function],
      "selectCommunity": [Function],
      "setDatepickerStatus": [Function],
      "setFilter": [Function],
      "setSort": [Function],
    },
    "direct": Object {
      "dropAll": [Function],
      "getProjectDetailsDone": [Function],
      "getProjectDetailsInit": [Function],
      "getProjectPermissionsDone": [Function],
      "getProjectPermissionsInit": [Function],
      "getUserProjectsDone": [Function],
      "getUserProjectsInit": [Function],
    },
    "errors": Object {
      "clearAllErrorIcons": [Function],
      "clearError": [Function],
      "clearErrorIcon": [Function],
      "newError": [Function],
      "setErrorIcon": [Function],
    },
    "groups": Object {
      "dropGroups": [Function],
      "getGroupsDone": [Function],
      "getGroupsInit": [Function],
    },
    "looker": Object {
      "getLookerDone": [Function],
    },
    "lookup": Object {
      "getCountriesDone": [Function],
      "getCountriesInit": [Function],
      "getSkillTagsDone": [Function],
      "getSkillTagsInit": [Function],
    },
    "memberTasks": Object {
      "dropAll": [Function],
      "getDone": [Function],
      "getInit": [Function],
    },
    "members": Object {
      "drop": [Function],
      "dropAll": [Function],
      "getAchievementsDone": [Function],
      "getAchievementsInit": [Function],
      "getAchievementsV3Done": [Function],
      "getActiveChallengesDone": [Function],
      "getActiveChallengesInit": [Function],
      "getFinancesDone": [Function],
      "getFinancesInit": [Function],
      "getStatsDistributionDone": [Function],
      "getStatsDistributionInit": [Function],
      "getStatsDone": [Function],
      "getStatsHistoryDone": [Function],
      "getStatsHistoryInit": [Function],
      "getStatsInit": [Function],
      "getSubtrackChallengesDone": [Function],
      "getSubtrackChallengesInit": [Function],
      "getUserMarathonDone": [Function],
      "getUserMarathonInit": [Function],
      "getUserSrmDone": [Function],
      "getUserSrmInit": [Function],
    },
    "profile": Object {
      "addSkillDone": [Function],
      "addSkillInit": [Function],
      "addWebLinkDone": [Function],
      "addWebLinkInit": [Function],
      "clearProfile": [Function],
      "deletePhotoDone": [Function],
      "deletePhotoInit": [Function],
      "deleteWebLinkDone": [Function],
      "deleteWebLinkInit": [Function],
      "getAchievementsDone": [Function],
      "getAchievementsInit": [Function],
      "getAchievementsV3Done": [Function],
      "getCredentialDone": [Function],
      "getCredentialInit": [Function],
      "getEmailPreferencesDone": [Function],
      "getEmailPreferencesInit": [Function],
      "getExternalAccountsDone": [Function],
      "getExternalAccountsInit": [Function],
      "getExternalLinksDone": [Function],
      "getExternalLinksInit": [Function],
      "getInfoDone": [Function],
      "getInfoInit": [Function],
      "getLinkedAccountsDone": [Function],
      "getLinkedAccountsInit": [Function],
      "getSkillsDone": [Function],
      "getSkillsInit": [Function],
      "getStatsDone": [Function],
      "getStatsInit": [Function],
      "hideSkillDone": [Function],
      "hideSkillInit": [Function],
      "linkExternalAccountDone": [Function],
      "linkExternalAccountInit": [Function],
      "loadProfile": [Function],
      "saveEmailPreferencesDone": [Function],
      "saveEmailPreferencesInit": [Function],
      "unlinkExternalAccountDone": [Function],
      "unlinkExternalAccountInit": [Function],
      "updateEmailConflict": [Function],
      "updatePasswordDone": [Function],
      "updatePasswordInit": [Function],
      "updateProfileDone": [Function],
      "updateProfileInit": [Function],
      "uploadPhotoDone": [Function],
      "uploadPhotoInit": [Function],
      "verifyMemberNewEmailDone": [Function],
      "verifyMemberNewEmailInit": [Function],
    },
    "reviewOpportunity": Object {
      "cancelApplicationsDone": [Function],
      "cancelApplicationsInit": [Function],
      "getDetailsDone": [Function],
      "getDetailsInit": [Function],
      "submitApplicationsDone": [Function],
      "submitApplicationsInit": [Function],
    },
    "settings": Object {
      "addUserTrait": [Function],
      "deleteUserTrait": [Function],
      "getAllUserTraits": [Function],
      "modifyUserTraitInit": [Function],
      "updateUserTrait": [Function],
    },
    "smp": Object {
      "deleteSubmissionDone": [Function],
      "deleteSubmissionInit": [Function],
      "downloadSubmission": [Function],
    },
    "stats": Object {
      "getCommunityStatsDone": [Function],
      "getCommunityStatsInit": [Function],
    },
    "terms": Object {
      "agreeTermDone": [Function],
      "agreeTermInit": [Function],
      "checkStatusDone": [Function],
      "checkStatusInit": [Function],
      "getDocuSignUrlDone": [Function],
      "getDocuSignUrlInit": [Function],
      "getTermDetailsDone": [Function],
      "getTermDetailsInit": [Function],
      "getTermsDone": [Function],
      "getTermsInit": [Function],
    },
  },
  "challenge": Object {
    "buckets": Object {
      "BUCKETS": Object {
        "ALL": "all",
        "MY": "my",
        "ONGOING": "ongoing",
        "OPEN_FOR_REGISTRATION": "openForRegistration",
        "PAST": "past",
        "REVIEW_OPPORTUNITIES": "reviewOpportunities",
        "SAVED_FILTER": "saved-filter",
        "SAVED_REVIEW_OPPORTUNITIES_FILTER": "savedReviewOpportunitiesFilter",
        "UPCOMING": "upcoming",
      },
      "BUCKET_DATA": Object {
        "all": Object {
          "filter": Object {
            "started": true,
            "status": Array [
              "ACTIVE",
            ],
          },
          "hideCount": false,
          "name": "All Challenges",
          "sorts": Array [],
        },
        "my": Object {
          "filter": Object {
            "started": true,
            "status": Array [
              "ACTIVE",
            ],
          },
          "hideCount": false,
          "name": "My Challenges",
          "sorts": Array [
            "most-recent",
            "time-to-submit",
            "num-registrants",
            "num-submissions",
            "prize-high-to-low",
            "title-a-to-z",
          ],
        },
        "ongoing": Object {
          "filter": Object {
            "registrationOpen": false,
            "started": true,
            "status": Array [
              "ACTIVE",
            ],
          },
          "hideCount": false,
          "name": "Ongoing challenges",
          "sorts": Array [
            "most-recent",
            "current-phase",
            "title-a-to-z",
            "prize-high-to-low",
          ],
        },
        "openForRegistration": Object {
          "filter": Object {
            "registrationOpen": true,
            "started": true,
            "status": Array [
              "ACTIVE",
            ],
          },
          "hideCount": false,
          "name": "Open for registration",
          "sorts": Array [
            "most-recent",
            "time-to-register",
            "time-to-submit",
            "num-registrants",
            "num-submissions",
            "prize-high-to-low",
            "title-a-to-z",
          ],
        },
        "past": Object {
          "filter": Object {
            "status": Array [
              "COMPLETED",
              "PAST",
            ],
          },
          "hideCount": true,
          "name": "Past challenges",
          "sorts": Array [
            "most-recent",
            "prize-high-to-low",
            "title-a-to-z",
          ],
        },
        "reviewOpportunities": Object {
          "filter": Object {},
          "hideCount": true,
          "name": "Open for review",
          "sorts": Array [
            "review-opportunities-start-date",
            "review-opportunities-payment",
            "review-opportunities-title-a-to-z",
          ],
        },
        "savedReviewOpportunitiesFilter": Object {
          "filter": Object {},
          "sorts": Array [
            "review-opportunities-start-date",
            "review-opportunities-payment",
            "review-opportunities-title-a-to-z",
          ],
        },
        "upcoming": Object {
          "filter": Object {
            "upcoming": true,
          },
          "hideCount": true,
          "name": "Upcoming challenges",
          "sorts": Array [
            "most-recent",
            "prize-high-to-low",
            "title-a-to-z",
          ],
        },
      },
      "default": undefined,
      "getBuckets": [Function],
      "isReviewOpportunitiesBucket": [Function],
      "registerBucket": [Function],
    },
    "filter": Object {
      "addTrack": [Function],
      "combine": [Function],
      "default": undefined,
      "filterByDate": [Function],
      "getFilterFunction": [Function],
      "getReviewOpportunitiesFilterFunction": [Function],
      "mapToBackend": [Function],
      "newMeta": [Function],
      "removeTrack": [Function],
      "setEndDate": [Function],
      "setReviewOpportunityType": [Function],
      "setStartDate": [Function],
      "setSubtracks": [Function],
      "setTags": [Function],
      "setText": [Function],
    },
    "sort": Object {
      "SORTS": Object {
        "CURRENT_PHASE": "current-phase",
        "MOST_RECENT": "most-recent",
        "NUM_REGISTRANTS": "num-registrants",
        "NUM_SUBMISSIONS": "num-submissions",
        "PRIZE_HIGH_TO_LOW": "prize-high-to-low",
        "REVIEW_OPPORTUNITIES_PAYMENT": "review-opportunities-payment",
        "REVIEW_OPPORTUNITIES_START_DATE": "review-opportunities-start-date",
        "REVIEW_OPPORTUNITIES_TITLE_A_TO_Z": "review-opportunities-title-a-to-z",
        "TIME_TO_REGISTER": "time-to-register",
        "TIME_TO_SUBMIT": "time-to-submit",
        "TITLE_A_TO_Z": "title-a-to-z",
      },
      "SORTS_DATA": Object {
        "current-phase": Object {
          "func": [Function],
          "name": "Current phase",
        },
        "most-recent": Object {
          "func": [Function],
          "name": "Most recent",
        },
        "num-registrants": Object {
          "func": [Function],
          "name": "# of registrants",
        },
        "num-submissions": Object {
          "func": [Function],
          "name": "# of submissions",
        },
        "prize-high-to-low": Object {
          "func": [Function],
          "name": "Prize high to low",
        },
        "review-opportunities-payment": Object {
          "func": [Function],
          "name": "Payment",
        },
        "review-opportunities-start-date": Object {
          "func": [Function],
          "name": "Review start date",
        },
        "review-opportunities-title-a-to-z": Object {
          "func": [Function],
          "name": "Title A-Z",
        },
        "time-to-register": Object {
          "func": [Function],
          "name": "Time to register",
        },
        "time-to-submit": Object {
          "func": [Function],
          "name": "Time to submit",
        },
        "title-a-to-z": Object {
          "func": [Function],
          "name": "Title A-Z",
        },
      },
    },
  },
  "errors": Object {
    "ERROR_ICON_TYPES": Object {
      "API": "api",
      "NETWORK": "network",
    },
    "clearAllErrorIcons": [Function],
    "clearErrorIcon": [Function],
    "fireErrorMessage": [Function],
    "setErrorIcon": [Function],
    "setErrorsStore": [Function],
  },
  "logger": Object {
    "_getSourceMaps": [Function],
    "assert": [Function],
    "clear": [Function],
    "count": [Function],
    "countReset": [Function],
    "debug": [Function],
    "dir": [Function],
    "error": [Function],
    "group": [Function],
    "groupCollapsed": [Function],
    "groupEnd": [Function],
    "info": [Function],
    "log": [Function],
    "time": [Function],
    "timeEnd": [Function],
    "trace": [Function],
    "warn": [Function],
  },
  "mock": Object {
    "default": undefined,
    "mockAction": [Function],
  },
  "reducerFactory": [Function],
  "reducers": Object {
    "auth": [Function],
    "challenge": [Function],
    "challengeListing": [Function],
    "direct": [Function],
    "errors": [Function],
    "groups": [Function],
    "looker": [Function],
    "lookup": [Function],
    "memberTasks": [Function],
    "members": [Function],
    "mySubmissionsManagement": [Function],
    "profile": [Function],
    "reviewOpportunity": [Function],
    "settings": [Function],
    "stats": [Function],
    "terms": [Function],
  },
  "services": Object {
    "api": Object {
      "default": [Function],
      "getApi": [Function],
      "getApiV2": [Function],
      "getApiV3": [Function],
      "getApiV4": [Function],
      "getTcM2mToken": [Function],
    },
    "billing": Object {
      "default": [Function],
      "getService": [Function],
    },
    "challenge": Object {
      "ORDER_BY": Object {
        "SUBMISSION_END_DATE": "submissionEndDate",
      },
      "default": undefined,
      "getService": [Function],
      "normalizeChallenge": [Function],
      "normalizeChallengeDetails": [Function],
    },
    "communities": Object {
      "default": undefined,
      "getService": [Function],
    },
    "direct": Object {
      "default": undefined,
      "getService": [Function],
    },
    "groups": Object {
      "addDescendantGroups": [Function],
      "checkGroupsStatus": [Function],
      "checkUserGroups": [Function],
      "default": undefined,
      "getService": [Function],
      "reduceGroupIds": [Function],
    },
    "lookup": Object {
      "default": undefined,
      "getService": [Function],
    },
    "members": Object {
      "default": undefined,
      "getService": [Function],
    },
    "reviewOpportunities": Object {
      "default": undefined,
      "getReviewOpportunitiesService": [Function],
    },
    "terms": Object {
      "default": undefined,
      "getService": [Function],
    },
    "user": Object {
      "default": [Function],
      "getService": [Function],
    },
    "userSetting": Object {
      "default": [Function],
      "getUserSettingsService": [Function],
    },
    "userTraits": Object {
      "default": undefined,
      "getService": [Function],
    },
  },
  "tc": Object {
    "COMPETITION_TRACKS": Object {
      "DATA_SCIENCE": "data_science",
      "DESIGN": "design",
      "DEVELOP": "develop",
    },
    "REVIEW_OPPORTUNITY_TYPES": Object {
      "Contest Review": "Review",
      "Iterative Review": "Iterative Review",
      "Spec Review": "Specification Review",
    },
    "getApiResponsePayload": [Function],
    "getLookerApiResponsePayload": [Function],
    "processSRM": [Function],
  },
  "time": Object {
    "default": undefined,
    "delay": [Function],
    "formatDuration": [Function],
  },
  "url": Object {
    "default": undefined,
    "removeTrailingSlash": [Function],
    "updateQuery": [Function],
  },
}
`;
